打倒者『wal』

ダンジョン6階
[Shop] 『パウラの防具店』
    ☆バンディドメイル『金剛の刻印』 (+2)      415 GOLD
      これはあなたの知力に影響する。(-1)
    ドワーフのスケイルメイル (+0)              104 GOLD
    オークのバンディドメイル (+0)              125 GOLD
    クローク (+0)                               15 GOLD
    プレートメイル (+0)                        235 GOLD
    ドワーフのリングメイル (+0)                 53 GOLD
    耐魔法のスケイルメイル (+2)                734 GOLD
    グローブ (+0)                               17 GOLD
    ☆鎖かたびら『冥界の鷹』 (+1)              539 GOLD
      これはあなたの器用さに影響する。(+3)
      これはあなたを火から保護する。
      これはあなたを魔法から保護する。
    暗闇のクローク (+1)                        153 GOLD
    レザーアーマー (+2)                        173 GOLD
    耐冷のリングメイル (+1)                    237 GOLD
    ローブ (+1)                                 58 GOLD



ダンジョン7階
[Shop] 『ドゥルシラの醸造所』
    能力回復の薬                                55 GOLD
    怪我の治療の薬                              33 GOLD
    狂戦士の薬                                  33 GOLD
    毒の薬                                       1 GOLD
    器用さ増強の薬                             385 GOLD
    治療の薬                                    22 GOLD
    突然変異治療の薬                           165 GOLD
    狂戦士の薬                                  33 GOLD
    2個の 突然変異の薬                         110 GOLD
    突然変異の薬                                55 GOLD
    スピードの薬                                27 GOLD
    突然変異の薬                                55 GOLD
    怪我の治療の薬                              33 GOLD



ダンジョン8階
[Shop] 『マリーの防具店』
    スケイルメイル (+0)                        114 GOLD
    耐魔法の鎖かたびら (+1)                    890 GOLD
    リングメイル (+0)                           58 GOLD
    ☆歓喜のバンディドメイル (+0)              629 GOLD
      これはあなたを電気から絶縁する。
      これはあなたを魔法から保護する。
    レザーアーマー (+0)                         32 GOLD
    リングメイル (+2)                          245 GOLD
    耐冷のプレートメイル (+1)                 1319 GOLD
    ローブ (+0)                                 15 GOLD
    ☆門のローブ (+0)                          133 GOLD
      これはあなたに瞬間移動の発動を可能とさせる。
    ローブ (+1)                                 75 GOLD
    鎖かたびら (+0)                            149 GOLD
    耐火のスケイルメイル (+3)                 1008 GOLD
    呪われた ローブ (+0)                         9 GOLD

[Shop] 『レイフの骨董防具店』
    プレートメイル                             529 GOLD
    エルフのクローク                            27 GOLD
    穴だらけのプレートメイル                   644 GOLD
    ローブ                                      16 GOLD
    ドワーフの鎖かたびら                       303 GOLD
    グローブ                                    27 GOLD
    ルーンが刻まれたレザーアーマー              96 GOLD
    レザーアーマー                              46 GOLD
    レザーアーマー                              46 GOLD
    グローブ                                    27 GOLD

[Shop] 『アーヴィンの骨董屋』
    解呪の巻物                                  57 GOLD
    鑑定の巻物                                  38 GOLD
    鑑定の巻物                                  38 GOLD
    油っぽい黄色い薬                            17 GOLD
    オークのシミター                            68 GOLD
    鑑定の巻物                                  38 GOLD
    武器精度強化の巻物                          91 GOLD
    密封された瓶                               665 GOLD
    歪んだリングメイル                         102 GOLD
    サーベル                                    76 GOLD
    グレイブ                                   104 GOLD
    治療の薬                                    38 GOLD
    能力回復の薬                                95 GOLD



ダンジョン13階
[Shop] 『リネットのよろず屋』
    鑑定の巻物                                  32 GOLD
    獣の皮 (+0)                                 12 GOLD
    解呪の巻物                                  48 GOLD
    治療の薬                                    32 GOLD
    鑑定の巻物                                  32 GOLD
    20個の 毒の塗られた吹き矢針 (+4)           320 GOLD
    ハヤトウリ                                   6 GOLD
    焼き討ちの巻物                               1 GOLD
    治療の薬                                    32 GOLD
    大地の精の石                               800 GOLD
    アンズ                                      12 GOLD
    掘削のワンド (1)                            57 GOLD



ダンジョン15階
[Shop] 『レジナの魔法の巻物店』
    武器呪縛の巻物                               1 GOLD
    無為無作為の巻物                             3 GOLD
    呪い識別の巻物                              36 GOLD
    呪い識別の巻物                              36 GOLD
    テレポートの巻物                            54 GOLD
    鑑定の巻物                                  36 GOLD
    解呪の巻物                                  54 GOLD
    鑑定の巻物                                  36 GOLD
    焼き討ちの巻物                               1 GOLD
    テレポートの巻物                            54 GOLD
    鑑定の巻物                                  36 GOLD



ダンジョン17階
[Shop] 『レジナのよろず屋』
    鑑定の巻物                                  34 GOLD
    鑑定の巻物                                  34 GOLD
    護りのシミター (+4,+2)                     629 GOLD
    2個の 鈍重の薬                               3 GOLD
    8個の 火炎のクロスボウの矢 (+4)            136 GOLD
    テレポートのワンド (6)                     112 GOLD
    ☆警護のリングメイル (+0)                  195 GOLD
      これはあなたの隠密性を非常に高める。
    2個の 狂戦士の薬                           102 GOLD
    16個の クロスボウの矢 (+0)                  54 GOLD
    鑑定の巻物                                  34 GOLD
    鑑定の巻物                                  34 GOLD



獣の棲み処3階
[Shop] 『デリックの魔法のワンド店』
    減速のワンド (7)                           111 GOLD
    金縛りのワンド (3)                          75 GOLD
    加速のワンド (7)                           129 GOLD
    透明化のワンド (5)                          90 GOLD
    火炎のワンド (16)                          133 GOLD
    金縛りのワンド (8)                         129 GOLD
    ファイアボールのワンド (8)                 216 GOLD
    冷気のワンド (11)                           97 GOLD



獣の棲み処9階
[Shop] 『マイクの書物店』
    下級魔術の魔法書                           320 GOLD
    招集の魔法書                               480 GOLD
    魔術の魔法書                               480 GOLD
    力の魔法書                                 720 GOLD
    力の魔法書                                 720 GOLD
    予知の魔法書                               880 GOLD
    大気の魔法書                               560 GOLD
    短剣の虎の巻                              1840 GOLD
    まじないの魔法書                           400 GOLD
    呪術の魔法書                               800 GOLD



宝物庫6階
[Shop] 『ドゥルシラの骨董屋』
    防具呪縛の巻物                               3 GOLD
    大鎌                                        90 GOLD
    浮遊の薬                                    60 GOLD
    混乱の薬                                     3 GOLD
    ブーツ                                      45 GOLD
    鑑定の巻物                                  60 GOLD
    結界の護符                                 420 GOLD
    鈍重の薬                                     3 GOLD
    鑑定の巻物                                  60 GOLD



