斧の兇手『noi』

ダンジョン4階
[Shop] 『ギュンターの骨董屋』
    リングメイル                                88 GOLD
    『TOTIJUDICYNEJU』とラベルされた巻物        22 GOLD
    パピルス紙の本                             330 GOLD
    レザーアーマー                              44 GOLD
    ハンマー                                    39 GOLD
    『DEKOCUX KEVEC』とラベルされた巻物         22 GOLD
    膿のついた魔法帽                            99 GOLD
    治療の薬                                    44 GOLD
    『ICEHECH』とラベルされた巻物               22 GOLD
    棘つき鉄兜                                  55 GOLD
    弓                                          68 GOLD

[Shop] 『リネットの武器店』
    バトルアックス (+0,+0)                      65 GOLD
    エルフのダガー (+1,+0)                      33 GOLD
    鞭 (+0,+0)                                  25 GOLD
    スピア (+0,+0)                              32 GOLD
    分断のハンドアックス (+1,+2)               204 GOLD
    クロスボウ (+0,+0)                          41 GOLD
    六尺棒 (+0,+0)                              32 GOLD
    神罰のドワーフのハンマー (+2,+4)           664 GOLD

[Shop] 『ナタリアの骨董防具店』
    ローブ                                      18 GOLD
    ドワーフのクローク                          32 GOLD
    リングメイル                               108 GOLD
    光るリングメイル                           108 GOLD
    クローク                                    27 GOLD
    鉄兜                                        67 GOLD
    スケイルメイル                             224 GOLD
    スプリントメイル                           378 GOLD
    レザーアーマー                              54 GOLD
    ローブ                                      18 GOLD
    レザーアーマー                              54 GOLD
    バックラー                                  67 GOLD

[Shop] 『モニカの骨董武器店』
    エルフのダガー                              72 GOLD
    エルフのファルシオン                       108 GOLD
    ナイフ                                      30 GOLD
    六尺棒                                      57 GOLD
    スリング                                    45 GOLD
    ナイフ                                      30 GOLD
    血に染まったモーニングスター               270 GOLD
    スピア                                      96 GOLD
    スリング                                    45 GOLD
    六尺棒                                      57 GOLD
    ルーンが刻まれたスピア                      96 GOLD
    ダガー                                      60 GOLD
    ドワーフのハンドアックス                    57 GOLD

[Shop] 『アーヴィンの骨董防具店』
    スケイルメイル                             224 GOLD
    スケイルメイル                             224 GOLD
    スケイルメイル                             224 GOLD
    リングメイル                               108 GOLD
    エルフの鎖かたびら                         356 GOLD
    レザーアーマー                              32 GOLD
    グローブ                                    32 GOLD
    鉄兜                                        67 GOLD
    ドワーフのスケイルメイル                   267 GOLD
    ドワーフのプレートメイル                   745 GOLD



ダンジョン6階
[Shop] 『リネットの防具店』
    耐魔法のレザーアーマー (+0)                126 GOLD
    バンディドメイル (+0)                      186 GOLD
    耐火のレザーアーマー (+3)                  433 GOLD
    耐魔法のプレートメイル (+2)               2151 GOLD
    耐毒のプレートメイル (+1)                  855 GOLD
    ☆呪われた 保険のバンディドメイル (-4)     266 GOLD
      これはあなたを冷気から保護する。
      これはあなたに透明化の発動を可能とさせる。
      これには呪いがかかっている。 
    ☆呪われた 黙秘の鎖かたびら (-4)           111 GOLD
      これはあなたにテレポートの発動を可能とさせる。
      これには呪いがかかっている。 



ダンジョン11階
[Shop] 『リネットの武器店』
    冷気のドワーフのダガー (+4,+2)             366 GOLD
    バトルアックス (+0,+0)                      97 GOLD
    掠奪のモーニングスター (+1,+1)             687 GOLD
    掠奪のロングソード (+4,+0)                1006 GOLD
    11個の 火炎のエルフの矢 (+2)                99 GOLD
    ハンドアックス (+1,+1)                      79 GOLD
    19個の 火炎のクロスボウの矢 (+0)            57 GOLD
    モーニングスター (+1,+2)                   168 GOLD
    6個の 毒の塗られたオークの投げ矢 (+0)        9 GOLD
    神罰のファルシオン (+5,+1)                 813 GOLD



ダンジョン21階
[Shop] 『ルーテルの骨董防具店』
    ブーツ                                      43 GOLD
    鎖かたびら                                 319 GOLD
    リングメイル                               116 GOLD
    ぬるぬるしたスプリントメイル               551 GOLD
    クローク                                    29 GOLD
    スケイルメイル                             240 GOLD
    ルーンが刻まれたレザーアーマー              58 GOLD
    ローブ                                      20 GOLD
    エルフのバックラー                          52 GOLD
    光るスケイルメイル                         240 GOLD
    プレートメイル                             667 GOLD
    ルーンが刻まれたグローブ                    34 GOLD



ダンジョン23階
[Shop] 『ルーテルの宝石店』
    ☆指輪『深緑の兇状』                       518 GOLD
      この指輪は時折、装着者を無作為な場所に転位させる力を及ぼす。 
      また、発動することで同様の転位を意図的に引き起こすことができる。 
      これはあなたの知力に影響する。(+2)
      これはあなたに透明化の発動を可能とさせる。
    ☆護符『漆黒の猟犬』                       994 GOLD
      この護符は魔法で召換されたモンスターからの攻撃を防ぐ。 
      これはあなたの腕力に影響する。(+2)
      これはあなたを魔法から保護する。
      これはあなたの視力を強化する。
    腐蝕阻止の護符                             420 GOLD
    器用さの指輪 (+2)                          420 GOLD
    殺戮の指輪 (+2,+1)                         980 GOLD
    保全の護符                                 350 GOLD
    浮遊の指輪                                 420 GOLD
    怒りの護符                                 280 GOLD
    知性の指輪 (+5)                            840 GOLD



ダンジョン24階
[Shop] 『ローレルの魔法のワンド店』
    掘削のワンド (6)                           145 GOLD
    掠奪のワンド (9)                           369 GOLD
    加速のワンド (3)                           158 GOLD
    掠奪のワンド (11)                          422 GOLD
    テレポートのワンド (7)                     158 GOLD
    でたらめのワンド (19)                      462 GOLD
    でたらめのワンド (14)                      363 GOLD
    変化のワンド (3)                           178 GOLD
    冷気のワンド (13)                          204 GOLD
    魔法の矢のワンド (23)                      171 GOLD



ダンジョン25階
[Shop] 『バルテルの食料品店』
    洋ナシ                                      11 GOLD
    パンの保存食                                56 GOLD
    洋ナシ                                      11 GOLD
    肉の保存食                                  56 GOLD
    洋ナシ                                      11 GOLD
    リンゴ                                      11 GOLD
    ライチ                                       5 GOLD
    ハチの巣                                    35 GOLD
    パンの保存食                                56 GOLD
    18個の ブドウ                               25 GOLD
    洋ナシ                                      11 GOLD
    パンの保存食                                56 GOLD
    肉の保存食                                  56 GOLD
    ハヤトウリ                                   5 GOLD



ダンジョン26階
[Shop] 『ローレルのよろず屋』
    冷気のオークのスピア (+1,+1)               237 GOLD
    ☆呪われた 汚泥のロングソード (-2,-1)      602 GOLD
      実に恐るべき武器である。 
      これは命中すると相手の生命力を衰弱させる。 
      これはあなたを火から保護する。
      これはあなたの視力を強化する。
      これには呪いがかかっている。 
    ローブ (+0)                                 25 GOLD
    正の力のプレートメイル (+3)               5793 GOLD
    肉の保存食                                  84 GOLD
    パンの保存食                                84 GOLD
    記憶喪失の巻物                               2 GOLD
    ローブ (+0)                                 25 GOLD
    15個の 火炎のクロスボウの矢 (+0)            63 GOLD
    破壊大全                                  3465 GOLD
    肉の保存食                                  84 GOLD
    17個の 火炎のクロスボウの矢 (+0)            71 GOLD
    リングメイル (+0)                           94 GOLD



オークの坑道1階
[Shop] 『リネットの食料品店』
    12個の イチゴ                               13 GOLD
    ランブータン                                 4 GOLD
    パンの保存食                                44 GOLD
    パンの保存食                                44 GOLD
    肉の保存食                                  44 GOLD
    アンズ                                       8 GOLD
    パンの保存食                                44 GOLD
    ハヤトウリ                                   4 GOLD
    パンの保存食                                44 GOLD



獣の棲み処6階
[Shop] 『ジョニーの食料品店』
    パンの保存食                                44 GOLD
    パンの保存食                                44 GOLD
    リンゴ                                       8 GOLD
    ハヤトウリ                                   4 GOLD
    パンの保存食                                44 GOLD
    パンの保存食                                44 GOLD
    パンの保存食                                44 GOLD
    パンの保存食                                44 GOLD
    ハヤトウリ                                   4 GOLD



獣の棲み処8階
[Shop] 『ブレンダンのよろず屋』
    2個の 治療の薬                              76 GOLD
    棍棒 (+0,+0)                                19 GOLD
    オークのスプリントメイル (+2)              604 GOLD
    テレポートの巻物                            57 GOLD
    鎖かたびら (+0)                            218 GOLD
    武器呪縛の巻物                               1 GOLD
    拷問の巻物                                 142 GOLD
    焼き討ちの巻物                               1 GOLD
    16個の 冷気の投げ矢 (+3)                   212 GOLD



蛇穴3階
[Shop] 『ナフムのよろず屋』
    治療の薬                                    28 GOLD
    焼き討ちの巻物                               1 GOLD
    テレポートの巻物                            42 GOLD
    ドワーフのバンディドメイル (+0)            259 GOLD
    バンディドメイル (+0)                      217 GOLD
    12個の ブドウ                               16 GOLD
    21個の 投げ矢 (+0)                          29 GOLD
    能力低下の薬                                 1 GOLD
    武器威力強化の巻物                          77 GOLD
    不思議のデッキ                             700 GOLD
    弓 (+0,+0)                                  43 GOLD
    16個の 毒の塗られた吹き矢針 (+2)           134 GOLD



蛇穴4階
[Shop] 『レスターの魔法の巻物店』
    防具強化の巻物                              62 GOLD
    3個の 呪い識別の巻物                        78 GOLD
    鑑定の巻物                                  26 GOLD
    鑑定の巻物                                  26 GOLD
    防具呪縛の巻物                               1 GOLD
    騒音の巻物                                   2 GOLD
    瞬間移動の巻物                              39 GOLD
    鑑定の巻物                                  26 GOLD



蛇穴5階
[Shop] 『イルマの醸造所』
    治療の薬                                    30 GOLD
    治療の薬                                    30 GOLD
    器用さ増強の薬                             525 GOLD
    怪我の治療の薬                              45 GOLD
    突然変異治療の薬                           225 GOLD
    治療の薬                                    30 GOLD
    治療の薬                                    30 GOLD
    能力回復の薬                                75 GOLD



エルフの大広間2階
[Shop] 『ロジャーの書物店』
    魔術の魔法書                               480 GOLD
    鈍器の虎の巻                              1840 GOLD
    怪物の手引書                              1200 GOLD
    予知の魔法書                               880 GOLD
    短剣の虎の巻                              1840 GOLD
    猛火の魔法書                              1040 GOLD
    氷結の魔法書                              1040 GOLD
    下級魔術の魔法書                           320 GOLD
    妖術の魔法書                               480 GOLD
    死の魔法書                                1120 GOLD
    弓の虎の巻                                1840 GOLD



エルフの大広間7階
[Shop] 『レーナの食料品店』
    洋ナシ                                       8 GOLD
    肉の保存食                                  44 GOLD
    パンの保存食                                44 GOLD
    パンの保存食                                44 GOLD
    パンの保存食                                44 GOLD
    17個の イチゴ                               18 GOLD
    パンの保存食                                44 GOLD
    リンゴ                                       8 GOLD
    ハヤトウリ                                   4 GOLD
    チーズ                                      16 GOLD



沼1階
[Shop] 『ルーテルの醸造所』
    治療の薬                                    28 GOLD
    治療の薬                                    28 GOLD
    治療の薬                                    28 GOLD
    怪我の治療の薬                              42 GOLD
    治療の薬                                    28 GOLD
    2個の 治療の薬                              56 GOLD
    狂戦士の薬                                  42 GOLD
    鈍重の薬                                     1 GOLD
    能力回復の薬                                70 GOLD



