悪魔術師『uzo』

ダンジョン7階
[Shop] 『アランの防具店』
    レザーアーマー (+0)                         30 GOLD
    ローブ (+0)                                 14 GOLD
    グローブ (+1)                               78 GOLD
    ドワーフのクローク (+0)                     20 GOLD
    スケイルメイル (+0)                        105 GOLD
    ローブ (+0)                                 14 GOLD
    耐魔法のスケイルメイル (+2)                880 GOLD
    ☆呪われた スケイルメイル『旧き翼』 (-1)   218 GOLD
      これはあなたの回避力に影響する。(+7)
      これには呪いがかかっている。 
    レザーアーマー (+0)                         30 GOLD
    レザーアーマー (+0)                         30 GOLD
    ドワーフのプレートメイル (+1)              522 GOLD
    獣の皮 (+2)                                146 GOLD
    ローブ (+0)                                 14 GOLD
    ☆超自然のリングメイル (+1)                235 GOLD
      これはあなたの命中率に影響する。(+1)



ダンジョン8階
[Shop] 『ロレッタの醸造所』
    治療の薬                                    22 GOLD
    治療の薬                                    22 GOLD
    治療の薬                                    22 GOLD
    能力回復の薬                                55 GOLD
    突然変異の薬                                55 GOLD
    浮遊の薬                                    22 GOLD
    透明化の薬                                  60 GOLD
    治療の薬                                    22 GOLD
    怪力の薬                                    27 GOLD



ダンジョン10階
[Shop] 『リネットの骨董屋』
    血に染まったローブ                         171 GOLD
    2個の 治療の薬                             120 GOLD
    『OP GOXTUPOQ』とラベルされた巻物           30 GOLD
    怪力の薬                                    75 GOLD
    獲得の巻物                                1560 GOLD
    歪んだハンマー                             240 GOLD
    焼き討ちの巻物                               3 GOLD
    魔法の地図の巻物                           105 GOLD
    でたらめのワンド                           117 GOLD



ダンジョン11階
[Shop] 『ギュンターの魔法の巻物店』
    鑑定の巻物                                  26 GOLD
    解呪の巻物                                  39 GOLD
    鑑定の巻物                                  26 GOLD
    鑑定の巻物                                  26 GOLD
    記憶喪失の巻物                               1 GOLD
    焼き討ちの巻物                               1 GOLD
    テレポートの巻物                            39 GOLD
    瞬間移動の巻物                              39 GOLD
    3個の テレポートの巻物                     117 GOLD
    鑑定の巻物                                  26 GOLD

[Shop] 『ドゥワイトの骨董防具店』
    レザーアーマー                              50 GOLD
    ルーンが刻まれたスケイルメイル             207 GOLD
    膿のついたスケイルメイル                   332 GOLD
    光るトロル革の鎧                          1250 GOLD
    ルーンが刻まれたバンディドメイル           375 GOLD
    鎖かたびら                                 275 GOLD
    鎖かたびら                                 275 GOLD
    リングメイル                               100 GOLD
    ローブ                                      17 GOLD
    光るリングメイル                           100 GOLD
    スケイルメイル                             207 GOLD
    輝くプレートメイル                         575 GOLD
    レザーアーマー                              50 GOLD

[Shop] 『モニカの骨董防具店』
    スケイルメイル                             207 GOLD
    プレートメイル                             575 GOLD
    スケイルメイル                             207 GOLD
    プレートメイル                             575 GOLD
    エルフのローブ                              20 GOLD
    プレートメイル                             575 GOLD
    獣の皮                                       7 GOLD
    レザーアーマー                              50 GOLD
    鎖かたびら                                 275 GOLD



ダンジョン14階
[Shop] 『マラカイの醸造所』
    怪我の治療の薬                              42 GOLD
    スピードの薬                                35 GOLD
    怪力の薬                                    35 GOLD
    治療の薬                                    28 GOLD
    狂戦士の薬                                  42 GOLD
    怪力の薬                                    35 GOLD
    突然変異の薬                                70 GOLD
    鈍重の薬                                     1 GOLD



ダンジョン16階
[Shop] 『アデルの書物店』
    探索の魔法書                               280 GOLD
    力の魔法書                                 630 GOLD
    冷気の魔法書                               490 GOLD
    大気の魔法書                               490 GOLD
    予知の魔法書                               770 GOLD
    猛火の魔法書                               910 GOLD
    小変異の魔法書                             350 GOLD
    魔術の魔法書                               420 GOLD
    下級魔術の魔法書                           280 GOLD



ダンジョン20階
[Shop] 『イシュメルの醸造所』
    怪我の治療の薬                              45 GOLD
    怪我の治療の薬                              45 GOLD
    怪力の薬                                    37 GOLD
    治療の薬                                    30 GOLD
    猛毒の薬                                     1 GOLD
    治療の薬                                    30 GOLD
    怪我の治療の薬                              45 GOLD
    突然変異治療の薬                           225 GOLD
    突然変異の薬                                75 GOLD
    スピードの薬                                37 GOLD
    治療の薬                                    30 GOLD



ダンジョン26階
[Shop] 『エステルのよろず屋』
    大気の魔法書                               735 GOLD
    伸縮のグレイブ (+3,+7)                    3601 GOLD
    治療の薬                                    42 GOLD
    白紙の巻物                                   2 GOLD
    グローブ (+1)                              136 GOLD
    恐慌の巻物                                  94 GOLD
    霊視の指輪                                 294 GOLD
    電撃のドワーフのハンドアックス (+2,+2)     571 GOLD
    腕力のグローブ (+1)                        249 GOLD

[Shop] 『カレンの醸造所』
    怪我の治療の薬                              63 GOLD
    混乱の薬                                     2 GOLD
    狂戦士の薬                                  63 GOLD
    治療の薬                                    42 GOLD
    能力回復の薬                               105 GOLD
    治療の薬                                    42 GOLD
    怪力の薬                                    52 GOLD

[Shop] 『マルティナのよろず屋』
    ロングソード (+2,+2)                       275 GOLD
    22個の 小石 (+0)                            46 GOLD
    呪われた リングメイル (+0)                  56 GOLD
    ダガー (+0,+3)                             102 GOLD
    記憶喪失の巻物                               2 GOLD
    パンの保存食                                84 GOLD
    パンの保存食                                84 GOLD
    騒音の巻物                                   4 GOLD

[Shop] 『ジョニーの魔法のワンド店』
    稲妻のワンド (6)                           315 GOLD
    掘削のワンド (5)                           126 GOLD
    稲妻のワンド (4)                           252 GOLD
    加速のワンド (2)                           132 GOLD
    金縛りのワンド (5)                         170 GOLD
    金縛りのワンド (8)                         226 GOLD
    減速のワンド (5)                           157 GOLD
    隷属のワンド (6)                           207 GOLD
    分解のワンド (8)                           308 GOLD
    冷気のワンド (22)                          308 GOLD
    隷属のワンド (8)                           245 GOLD
    でたらめのワンド (13)                      327 GOLD
    掠奪のワンド (11)                          403 GOLD
    金縛りのワンド (4)                         151 GOLD
    冷気のワンド (16)                          233 GOLD



獣の棲み処4階
[Shop] 『ギュンターの宝石店』
    明晰の護符                                 357 GOLD
    護りの指輪 (+1)                            238 GOLD
    耐火の指輪                                 357 GOLD
    霊視の指輪                                 238 GOLD
    知性の指輪 (+5)                            714 GOLD
    浮遊の指輪                                 357 GOLD
    呪われた 耐減速の護符                      238 GOLD
    呪われた テレポートの指輪                    1 GOLD
    再生の指輪                                 892 GOLD
    ☆指輪『白亜の告示』                      1047 GOLD
      この祝福された指輪は負のエネルギーから装着者を保護し、 
      アンデッドと死霊術による生命力の衰弱に対してある程度の免疫を授ける。 
      これはあなたのACに影響する。(+3)
      これはあなたの回避力に影響する。(+5)
      これはあなたの新陳代謝を非常に加速する。
    テレポート制御の指輪                       499 GOLD
    耐魔法の指輪                               476 GOLD
    耐突然変異の護符                           357 GOLD



獣の棲み処6階
[Shop] 『ドゥルシラの武器店』
    フレイル (+0,+0)                            38 GOLD
    オークのグレートソード (+0,+2)              91 GOLD
    ドワーフのブロードアックス (+0,+0)          79 GOLD
    エルフのショートソード (+1,+0)              57 GOLD
    オークのファルシオン (-1,+1)                29 GOLD
    毒液のバトルアックス (+0,+1)               237 GOLD
    メイス (+2,+1)                             101 GOLD
    吸血のハルバード (+1,+2)                   746 GOLD
    スピア (+2,+0)                              84 GOLD
    20個の 冷気のクロスボウの矢 (+0)            44 GOLD
    イブニングスター (+0,+0)                    71 GOLD



宝物庫1階
[Shop] 『エグバードのよろず屋』
    リングメイル (+0)                           63 GOLD
    鑑定の巻物                                  28 GOLD
    レザーアーマー (+0)                         35 GOLD
    鑑定の巻物                                  28 GOLD
    耐魔法の指輪                               392 GOLD
    怪我の治療の薬                              42 GOLD
    11個の 冷気の矢 (+0)                        30 GOLD
    騒音の巻物                                   2 GOLD
    影のランタン                               700 GOLD



宝物庫2階
[Shop] 『パウラの魔法の巻物店』
    拷問の巻物                                  82 GOLD
    テレポートの巻物                            33 GOLD
    解呪の巻物                                  33 GOLD
    防具呪縛の巻物                               1 GOLD
    武器威力強化の巻物                          60 GOLD
    解呪の巻物                                  33 GOLD
    魔法の地図の巻物                            38 GOLD
    恐慌の巻物                                  49 GOLD
    解呪の巻物                                  33 GOLD
    武器威力強化の巻物                          60 GOLD
    解呪の巻物                                  33 GOLD
    鑑定の巻物                                  22 GOLD
    鑑定の巻物                                  22 GOLD
    召換の巻物                                 104 GOLD
    *武器強化*の巻物                           220 GOLD



宝物庫4階
[Shop] 『ガッドの骨董防具店』
    スプリントメイル                           378 GOLD
    明るく輝くトロル革の鎧                    1485 GOLD
    ローブ                                      18 GOLD
    ローブ                                      18 GOLD
    飾りつき鉄兜                                67 GOLD
    リングメイル                               108 GOLD
    プレートメイル                             621 GOLD
    輝くローブ                                  18 GOLD
    リングメイル                               108 GOLD



宝物庫6階
[Shop] 『ギュンターの書物店』
    予知の魔法書                              1155 GOLD
    魔術の魔法書                               630 GOLD
    戦いの聖歌の魔法書                         840 GOLD
    招集の魔法書                               630 GOLD
    招集の魔法書                               630 GOLD
    万障の魔法書                               420 GOLD
    殲滅の魔法書                              2415 GOLD
    空間転位の魔法書                          1365 GOLD
    天災の魔法書                              1470 GOLD
    召換の魔法書                              2205 GOLD
    大地の魔法書                              1365 GOLD
    死霊術の魔法書                             630 GOLD
    力の魔法書                                 945 GOLD
    魔術の魔法書                               630 GOLD
    死霊術の魔法書                             630 GOLD

[Shop] 『アデルの骨董屋』
    テレポートの巻物                            81 GOLD
    解呪の巻物                                  81 GOLD
    治療の薬                                    54 GOLD
    恐慌の巻物                                 121 GOLD
    宝石で飾られたスプリントメイル             307 GOLD
    能力低下の薬                                 2 GOLD
    太い杖                                     324 GOLD
    能力回復の薬                               135 GOLD
    ドワーフのスプリントメイル                 453 GOLD
    透明化の薬                                 148 GOLD
    毒の薬                                       2 GOLD
    毒の薬                                       2 GOLD

[Shop] 『レジナのよろず屋』
    武器呪縛の巻物                               1 GOLD
    イフリートの瓶                             720 GOLD
    護りの大型メイス (+0,+2)                   421 GOLD
    呪術の魔法書                               900 GOLD
    召換の巻物                                 171 GOLD
    グローブ (+0)                               30 GOLD
    テレポートの巻物                            54 GOLD
    メイス (+2,+2)                             165 GOLD
    能力維持の指輪                             315 GOLD
    解呪の巻物                                  54 GOLD
    冷気のハンドアックス (+1,+1)               257 GOLD

[Shop] 『ロウィーナの骨董屋』
    瞬間移動の巻物                              84 GOLD
    短い骨のワンド                              98 GOLD
    瞬間移動の巻物                              84 GOLD
    混乱のワンド                                84 GOLD
    ドワーフのバンディドメイル                 504 GOLD
    2個の 治療の薬                             112 GOLD
    能力回復の薬                               140 GOLD
    血に染まったロングソード                   159 GOLD
    スケイルメイル                             232 GOLD
    毒の薬                                       2 GOLD
    獲得の巻物                                1456 GOLD



エルフの大広間5階
[Shop] 『ロジャーの魔法のワンド店』
    加速のワンド (5)                           144 GOLD
    金縛りのワンド (8)                         172 GOLD
    火炎のワンド (10)                          120 GOLD
    でたらめのワンド (7)                       163 GOLD
    凍結のワンド (7)                           172 GOLD
    掘削のワンド (12)                          163 GOLD
    分解のワンド (5)                           177 GOLD
    掘削のワンド (5)                            96 GOLD
    隷属のワンド (13)                          259 GOLD
    透明化のワンド (5)                         120 GOLD
    分解のワンド (8)                           235 GOLD
    猛火のワンド (10)                          216 GOLD
    変化のワンド (7)                           206 GOLD
    掠奪のワンド (12)                          326 GOLD
    隷属のワンド (10)                          216 GOLD



沼4階
[Shop] 『ロレッタの魔法の巻物店』
    武器威力強化の巻物                          82 GOLD
    魔力充填の巻物                              75 GOLD
    解呪の巻物                                  45 GOLD
    魔法の地図の巻物                            52 GOLD
    拷問の巻物                                 112 GOLD
    武器威力強化の巻物                          82 GOLD
    騒音の巻物                                   3 GOLD
    記憶喪失の巻物                               1 GOLD
    白紙の巻物                                   1 GOLD
    鑑定の巻物                                  30 GOLD
    防具呪縛の巻物                               1 GOLD
    防具呪縛の巻物                               1 GOLD
    鑑定の巻物                                  30 GOLD

[Shop] 『ドゥワイトの食料品店』
    肉の保存食                                  56 GOLD
    肉の保存食                                  56 GOLD
    肉の保存食                                  56 GOLD
    リンゴ                                      11 GOLD
    洋ナシ                                      11 GOLD
    パンの保存食                                56 GOLD
    肉の保存食                                  56 GOLD
    肉の保存食                                  56 GOLD
    リンゴ                                      11 GOLD
    パンの保存食                                56 GOLD
    洋ナシ                                      11 GOLD
    パンの保存食                                56 GOLD
    ハヤトウリ                                   5 GOLD
    ハヤトウリ                                   5 GOLD



沼5階
[Shop] 『エレインの武器店』
    クロスボウ (+3,+2)                         296 GOLD
    28個の 小石 (+0)                            56 GOLD
    13個の オークの投げ矢 (+0)                  26 GOLD
    護りの釘つきフレイル (+1,+0)               304 GOLD
    ☆モーニングスター『混沌の審判』 (+5,+4)  1102 GOLD
      これはあなたの器用さに影響する。(+2)
      これはあなたに周辺感知の発動を可能とさせる。
    28個の 投げ矢 (+4)                         504 GOLD
    グレートソード (+0,+0)                     120 GOLD
    ダガー (+0,+0)                              40 GOLD
    オークのフレイル (+0,+1)                    78 GOLD



